I'm sorry, but errors were detected in your script. Please correct the
errors listed below, and try again.


File "script.rpy", line 43: expected '=' not found.
    image theater explosion "images/theaterExplosion.jpg"
                            ^

Ren'Py Version: Ren'Py 8.2.1.24030407
Fri May 10 11:13:12 2024
